    S0C         S1C         S0U         S1U          EC           EU           OC           OU          MC         MU       CCSC      CCSU     YGC     YGCT     FGC    FGCT     CGC    CGCT       GCT
        0,0         0,0         0,0         0,0       8192,0       4096,0       8192,0          0,0        0,0        0,0       0,0       0,0      0     0,000     0     0,000     0     0,000     0,000
        0,0         0,0         0,0         0,0       8192,0       4096,0       8192,0          0,0        0,0        0,0       0,0       0,0      0     0,000     0     0,000     0     0,000     0,000
        0,0         0,0         0,0         0,0       8192,0       4096,0       8192,0          0,0        0,0        0,0       0,0       0,0      0     0,000     0     0,000     0     0,000     0,000
        0,0         0,0         0,0         0,0       8192,0       4096,0       8192,0          0,0        0,0        0,0       0,0       0,0      0     0,000     0     0,000     0     0,000     0,000
        0,0         0,0         0,0         0,0       8192,0       4096,0       8192,0          0,0        0,0        0,0       0,0       0,0      0     0,000     0     0,000     0     0,000     0,000
        0,0         0,0         0,0         0,0       8192,0       4096,0       8192,0          0,0        0,0        0,0       0,0       0,0      0     0,000     0     0,000     0     0,000     0,000
        0,0         0,0         0,0         0,0       8192,0       5120,0       8192,0          0,0        0,0        0,0       0,0       0,0      0     0,000     0     0,000     0     0,000     0,000
        0,0         0,0         0,0         0,0       8192,0       5120,0       8192,0          0,0        0,0        0,0       0,0       0,0      0     0,000     0     0,000     0     0,000     0,000
        0,0         0,0         0,0         0,0       8192,0       5120,0       8192,0          0,0        0,0        0,0       0,0       0,0      0     0,000     0     0,000     0     0,000     0,000
        0,0         0,0         0,0         0,0       8192,0       5120,0       8192,0          0,0        0,0        0,0       0,0       0,0      0     0,000     0     0,000     0     0,000     0,000
        0,0         0,0         0,0         0,0       8192,0       5120,0       8192,0          0,0        0,0        0,0       0,0       0,0      0     0,000     0     0,000     0     0,000     0,000
        0,0         0,0         0,0         0,0       8192,0       5120,0       8192,0          0,0        0,0        0,0       0,0       0,0      0     0,000     0     0,000     0     0,000     0,000
        0,0         0,0         0,0         0,0       8192,0       5120,0       8192,0          0,0        0,0        0,0       0,0       0,0      0     0,000     0     0,000     0     0,000     0,000
        0,0         0,0         0,0         0,0       8192,0       5120,0       8192,0          0,0        0,0        0,0       0,0       0,0      0     0,000     0     0,000     0     0,000     0,000
        0,0         0,0         0,0         0,0       8192,0       6144,0       8192,0          0,0        0,0        0,0       0,0       0,0      0     0,000     0     0,000     0     0,000     0,000
        0,0         0,0         0,0         0,0       8192,0       6144,0       8192,0          0,0        0,0        0,0       0,0       0,0      0     0,000     0     0,000     0     0,000     0,000
        0,0         0,0         0,0         0,0       8192,0       6144,0       8192,0          0,0        0,0        0,0       0,0       0,0      0     0,000     0     0,000     0     0,000     0,000
        0,0         0,0         0,0         0,0       8192,0       6144,0       8192,0          0,0        0,0        0,0       0,0       0,0      0     0,000     0     0,000     0     0,000     0,000
        0,0         0,0         0,0         0,0       8192,0       6144,0       8192,0          0,0        0,0        0,0       0,0       0,0      0     0,000     0     0,000     0     0,000     0,000
        0,0         0,0         0,0         0,0       8192,0       6144,0       8192,0          0,0        0,0        0,0       0,0       0,0      0     0,000     0     0,000     0     0,000     0,000
        0,0         0,0         0,0         0,0       8192,0       6144,0       8192,0          0,0        0,0        0,0       0,0       0,0      0     0,000     0     0,000     0     0,000     0,000
        0,0         0,0         0,0         0,0       8192,0       6144,0       8192,0          0,0        0,0        0,0       0,0       0,0      0     0,000     0     0,000     0     0,000     0,000
        0,0         0,0         0,0         0,0       8192,0       6144,0       8192,0          0,0        0,0        0,0       0,0       0,0      0     0,000     0     0,000     0     0,000     0,000
        0,0         0,0         0,0         0,0       8192,0       7168,0       8192,0          0,0        0,0        0,0       0,0       0,0      0     0,000     0     0,000     0     0,000     0,000
        0,0         0,0         0,0         0,0       8192,0       7168,0       8192,0          0,0        0,0        0,0       0,0       0,0      0     0,000     0     0,000     0     0,000     0,000
        0,0         0,0         0,0         0,0       8192,0       7168,0       8192,0          0,0        0,0        0,0       0,0       0,0      0     0,000     0     0,000     0     0,000     0,000
        0,0         0,0         0,0         0,0       8192,0       7168,0       8192,0          0,0        0,0        0,0       0,0       0,0      0     0,000     0     0,000     0     0,000     0,000
        0,0         0,0         0,0         0,0       8192,0       7168,0       8192,0          0,0        0,0        0,0       0,0       0,0      0     0,000     0     0,000     0     0,000     0,000
        0,0         0,0         0,0         0,0       8192,0       7168,0       8192,0          0,0        0,0        0,0       0,0       0,0      0     0,000     0     0,000     0     0,000     0,000
        0,0         0,0         0,0         0,0       8192,0       7168,0       8192,0          0,0        0,0        0,0       0,0       0,0      0     0,000     0     0,000     0     0,000     0,000
        0,0         0,0         0,0         0,0       8192,0       7168,0       8192,0          0,0        0,0        0,0       0,0       0,0      0     0,000     0     0,000     0     0,000     0,000
        0,0         0,0         0,0         0,0       8192,0       7168,0       8192,0          0,0        0,0        0,0       0,0       0,0      0     0,000     0     0,000     0     0,000     0,000
        0,0      1024,0         0,0      1024,0       3072,0          0,0      12288,0       4381,3     1728,0     1585,3     192,0     131,8      1     0,018     0     0,000     0     0,000     0,018
        0,0      1024,0         0,0      1024,0       3072,0          0,0      12288,0       4381,3     1728,0     1585,3     192,0     131,8      1     0,018     0     0,000     0     0,000     0,018
        0,0      1024,0         0,0      1024,0       3072,0          0,0      12288,0       4381,3     1728,0     1585,3     192,0     131,8      1     0,018     0     0,000     0     0,000     0,018
        0,0      1024,0         0,0      1024,0       3072,0          0,0      12288,0       4381,3     1728,0     1585,3     192,0     131,8      1     0,018     0     0,000     0     0,000     0,018
        0,0      1024,0         0,0      1024,0       3072,0          0,0      12288,0       4381,3     1728,0     1585,3     192,0     131,8      1     0,018     0     0,000     0     0,000     0,018
        0,0      1024,0         0,0      1024,0       3072,0          0,0      12288,0       4381,3     1728,0     1585,3     192,0     131,8      1     0,018     0     0,000     0     0,000     0,018
        0,0      1024,0         0,0      1024,0       3072,0          0,0      12288,0       4381,3     1728,0     1585,3     192,0     131,8      1     0,018     0     0,000     0     0,000     0,018
        0,0      1024,0         0,0      1024,0       3072,0          0,0      12288,0       4381,3     1728,0     1585,3     192,0     131,8      1     0,018     0     0,000     0     0,000     0,018
        0,0      1024,0         0,0      1024,0       3072,0          0,0      12288,0       4381,3     1728,0     1585,3     192,0     131,8      1     0,018     0     0,000     0     0,000     0,018
        0,0      1024,0         0,0      1024,0       3072,0          0,0      12288,0       4381,3     1728,0     1585,3     192,0     131,8      1     0,018     0     0,000     0     0,000     0,018
        0,0      1024,0         0,0      1024,0       3072,0          0,0      12288,0       4381,3     1728,0     1585,3     192,0     131,8      1     0,018     0     0,000     0     0,000     0,018
        0,0      1024,0         0,0      1024,0       3072,0          0,0      12288,0       4381,3     1728,0     1585,3     192,0     131,8      1     0,018     0     0,000     0     0,000     0,018
        0,0      1024,0         0,0      1024,0       3072,0          0,0      12288,0       4381,3     1728,0     1585,3     192,0     131,8      1     0,018     0     0,000     0     0,000     0,018
        0,0      1024,0         0,0      1024,0       3072,0          0,0      12288,0       4381,3     1728,0     1585,3     192,0     131,8      1     0,018     0     0,000     0     0,000     0,018
        0,0      1024,0         0,0      1024,0       3072,0          0,0      12288,0       4381,3     1728,0     1585,3     192,0     131,8      1     0,018     0     0,000     0     0,000     0,018
        0,0      1024,0         0,0      1024,0       3072,0          0,0      12288,0       4381,3     1728,0     1585,3     192,0     131,8      1     0,018     0     0,000     0     0,000     0,018
        0,0      1024,0         0,0      1024,0       3072,0       1024,0      12288,0       4381,3     1728,0     1585,3     192,0     131,8      1     0,018     0     0,000     0     0,000     0,018
        0,0      1024,0         0,0      1024,0       3072,0       1024,0      12288,0       4381,3     1728,0     1585,3     192,0     131,8      1     0,018     0     0,000     0     0,000     0,018
        0,0      1024,0         0,0      1024,0       3072,0       1024,0      12288,0       4381,3     1728,0     1585,3     192,0     131,8      1     0,018     0     0,000     0     0,000     0,018
        0,0      1024,0         0,0      1024,0       3072,0       1024,0      12288,0       4381,3     1728,0     1585,3     192,0     131,8      1     0,018     0     0,000     0     0,000     0,018
        0,0      1024,0         0,0      1024,0       2048,0          0,0      13312,0       6147,1     1728,0     1589,6     192,0     131,8      2     0,028     0     0,000     0     0,000     0,028
        0,0      1024,0         0,0      1024,0       2048,0          0,0      13312,0       6147,1     1728,0     1589,6     192,0     131,8      2     0,028     0     0,000     0     0,000     0,028
        0,0      1024,0         0,0      1024,0       2048,0          0,0      13312,0       6147,1     1728,0     1589,6     192,0     131,8      2     0,028     0     0,000     0     0,000     0,028
        0,0      1024,0         0,0      1024,0       2048,0          0,0      13312,0       6147,1     1728,0     1589,6     192,0     131,8      2     0,028     0     0,000     0     0,000     0,028
        0,0      1024,0         0,0      1024,0       2048,0          0,0      13312,0       6147,1     1728,0     1589,6     192,0     131,8      2     0,028     0     0,000     0     0,000     0,028
        0,0      1024,0         0,0      1024,0       2048,0          0,0      13312,0       6147,1     1728,0     1589,6     192,0     131,8      2     0,028     0     0,000     0     0,000     0,028
        0,0      1024,0         0,0      1024,0       2048,0          0,0      13312,0       6147,1     1728,0     1589,6     192,0     131,8      2     0,028     0     0,000     0     0,000     0,028
        0,0      1024,0         0,0      1024,0       2048,0          0,0      13312,0       6147,1     1728,0     1589,6     192,0     131,8      2     0,028     0     0,000     0     0,000     0,028
        0,0      1024,0         0,0      1024,0       2048,0          0,0      13312,0       6147,1     1728,0     1589,6     192,0     131,8      2     0,028     0     0,000     0     0,000     0,028
        0,0      1024,0         0,0      1024,0       2048,0          0,0      13312,0       6147,1     1728,0     1589,6     192,0     131,8      2     0,028     0     0,000     0     0,000     0,028
        0,0      1024,0         0,0      1024,0       2048,0          0,0      13312,0       6147,1     1728,0     1589,6     192,0     131,8      2     0,028     0     0,000     0     0,000     0,028
        0,0      1024,0         0,0      1024,0       2048,0          0,0      13312,0       6147,1     1728,0     1589,6     192,0     131,8      2     0,028     0     0,000     0     0,000     0,028
        0,0      1024,0         0,0      1024,0       2048,0          0,0      13312,0       6147,1     1728,0     1589,6     192,0     131,8      2     0,028     0     0,000     0     0,000     0,028
        0,0      1024,0         0,0      1024,0       2048,0          0,0      13312,0       6147,1     1728,0     1589,6     192,0     131,8      2     0,028     0     0,000     0     0,000     0,028
        0,0      1024,0         0,0      1024,0       2048,0          0,0      13312,0       6147,1     1728,0     1589,6     192,0     131,8      2     0,028     0     0,000     0     0,000     0,028
        0,0      1024,0         0,0       831,5       2048,0          0,0      13312,0       7377,2     1728,0     1598,0     192,0     131,8      3     0,035     0     0,000     0     0,000     0,035
        0,0      1024,0         0,0       831,5       2048,0          0,0      13312,0       7377,2     1728,0     1598,0     192,0     131,8      3     0,035     0     0,000     0     0,000     0,035
        0,0      1024,0         0,0       831,5       2048,0          0,0      13312,0       7377,2     1728,0     1598,0     192,0     131,8      3     0,035     0     0,000     0     0,000     0,035
        0,0      1024,0         0,0       831,5       2048,0          0,0      13312,0       7377,2     1728,0     1598,0     192,0     131,8      3     0,035     0     0,000     0     0,000     0,035
        0,0      1024,0         0,0       831,5       2048,0          0,0      13312,0       7377,2     1728,0     1598,0     192,0     131,8      3     0,035     0     0,000     0     0,000     0,035
        0,0      1024,0         0,0       831,5       2048,0          0,0      13312,0       7377,2     1728,0     1598,0     192,0     131,8      3     0,035     0     0,000     0     0,000     0,035
        0,0      1024,0         0,0       831,5       2048,0          0,0      13312,0       7377,2     1728,0     1598,0     192,0     131,8      3     0,035     0     0,000     0     0,000     0,035
        0,0      1024,0         0,0       831,5       2048,0          0,0      13312,0       7377,2     1728,0     1598,0     192,0     131,8      3     0,035     0     0,000     0     0,000     0,035
        0,0      1024,0         0,0       831,5       2048,0          0,0      13312,0       7377,2     1728,0     1598,0     192,0     131,8      3     0,035     0     0,000     0     0,000     0,035
        0,0      1024,0         0,0       831,5       2048,0          0,0      13312,0       7377,2     1728,0     1598,0     192,0     131,8      3     0,035     0     0,000     0     0,000     0,035
        0,0      1024,0         0,0       831,5       2048,0          0,0      13312,0       7377,2     1728,0     1598,0     192,0     131,8      3     0,035     0     0,000     0     0,000     0,035
        0,0      1024,0         0,0       831,5       2048,0          0,0      13312,0       7377,2     1728,0     1598,0     192,0     131,8      3     0,035     0     0,000     0     0,000     0,035
        0,0      1024,0         0,0       831,5       2048,0          0,0      13312,0       7377,2     1728,0     1598,0     192,0     131,8      3     0,035     0     0,000     0     0,000     0,035
        0,0      1024,0         0,0       831,5       2048,0          0,0      13312,0       7377,2     1728,0     1598,0     192,0     131,8      3     0,035     0     0,000     0     0,000     0,035
        0,0      1024,0         0,0       831,5       2048,0          0,0      13312,0       7377,2     1728,0     1598,0     192,0     131,8      3     0,035     0     0,000     0     0,000     0,035
        0,0      1024,0         0,0       831,5       2048,0          0,0      13312,0       7377,2     1728,0     1598,0     192,0     131,8      3     0,035     0     0,000     0     0,000     0,035
        0,0      1024,0         0,0       831,5       2048,0          0,0      13312,0       7377,2     1728,0     1598,0     192,0     131,8      3     0,035     0     0,000     0     0,000     0,035
        0,0      1024,0         0,0       831,5       2048,0          0,0      13312,0       7377,2     1728,0     1598,0     192,0     131,8      3     0,035     0     0,000     0     0,000     0,035
        0,0      1024,0         0,0       831,5       2048,0          0,0      13312,0       7377,2     1728,0     1598,0     192,0     131,8      3     0,035     0     0,000     0     0,000     0,035
        0,0      1024,0         0,0       831,5       2048,0          0,0      13312,0       7377,2     1728,0     1598,0     192,0     131,8      3     0,035     0     0,000     0     0,000     0,035
        0,0      1024,0         0,0       831,5       2048,0          0,0      13312,0       7377,2     1728,0     1598,0     192,0     131,8      3     0,035     0     0,000     0     0,000     0,035
        0,0      1024,0         0,0       831,5       2048,0          0,0      13312,0       7377,2     1728,0     1598,0     192,0     131,8      3     0,035     0     0,000     0     0,000     0,035
        0,0      1024,0         0,0       845,1       2048,0          0,0      13312,0       8221,3     1728,0     1574,1     192,0     123,8      4     0,041     0     0,000     2     0,014     0,055
        0,0      1024,0         0,0       845,1       2048,0          0,0      13312,0       8221,3     1728,0     1574,1     192,0     123,8      4     0,041     0     0,000     2     0,014     0,055
        0,0      1024,0         0,0       845,1       2048,0          0,0      13312,0       8221,3     1728,0     1574,1     192,0     123,8      4     0,041     0     0,000     2     0,014     0,055
        0,0      1024,0         0,0       845,1       2048,0          0,0      13312,0       8221,3     1728,0     1574,1     192,0     123,8      4     0,041     0     0,000     2     0,014     0,055
        0,0      1024,0         0,0       845,1       2048,0          0,0      13312,0       8221,3     1728,0     1574,1     192,0     123,8      4     0,041     0     0,000     2     0,014     0,055
        0,0      1024,0         0,0       845,1       2048,0          0,0      13312,0       8221,3     1728,0     1574,1     192,0     123,8      4     0,041     0     0,000     2     0,014     0,055
        0,0      1024,0         0,0       845,1       2048,0          0,0      13312,0       8221,3     1728,0     1574,1     192,0     123,8      4     0,041     0     0,000     2     0,014     0,055
        0,0      1024,0         0,0       845,1       2048,0          0,0      13312,0       8221,3     1728,0     1574,1     192,0     123,8      4     0,041     0     0,000     2     0,014     0,055
        0,0      1024,0         0,0       845,1       2048,0          0,0      13312,0       8221,3     1728,0     1574,1     192,0     123,8      4     0,041     0     0,000     2     0,014     0,055
        0,0      1024,0         0,0       845,1       2048,0          0,0      13312,0       8221,3     1728,0     1574,1     192,0     123,8      4     0,041     0     0,000     2     0,014     0,055
        0,0      1024,0         0,0       845,1       2048,0          0,0      13312,0       8221,3     1728,0     1574,1     192,0     123,8      4     0,041     0     0,000     2     0,014     0,055
        0,0      1024,0         0,0       853,2       2048,0          0,0      13312,0       9062,7     1728,0     1574,2     192,0     123,8      5     0,047     0     0,000     2     0,014     0,061
        0,0      1024,0         0,0       853,2       2048,0          0,0      13312,0       9062,7     1728,0     1574,2     192,0     123,8      5     0,047     0     0,000     2     0,014     0,061
        0,0      1024,0         0,0       853,2       2048,0          0,0      13312,0       9062,7     1728,0     1574,2     192,0     123,8      5     0,047     0     0,000     2     0,014     0,061
        0,0      1024,0         0,0       853,2       2048,0          0,0      13312,0       9062,7     1728,0     1574,2     192,0     123,8      5     0,047     0     0,000     2     0,014     0,061
        0,0      1024,0         0,0       853,2       2048,0          0,0      13312,0       9062,7     1728,0     1574,2     192,0     123,8      5     0,047     0     0,000     2     0,014     0,061
        0,0      1024,0         0,0       853,2       2048,0          0,0      13312,0       9062,7     1728,0     1574,2     192,0     123,8      5     0,047     0     0,000     2     0,014     0,061
        0,0      1024,0         0,0       853,2       2048,0          0,0      13312,0       9062,7     1728,0     1574,2     192,0     123,8      5     0,047     0     0,000     2     0,014     0,061
        0,0      1024,0         0,0       853,2       2048,0          0,0      13312,0       9062,7     1728,0     1574,2     192,0     123,8      5     0,047     0     0,000     2     0,014     0,061
        0,0      1024,0         0,0       853,2       2048,0          0,0      13312,0       9062,7     1728,0     1574,2     192,0     123,8      5     0,047     0     0,000     2     0,014     0,061
        0,0      1024,0         0,0       762,4       2048,0          0,0      13312,0      10009,5     1792,0     1576,4     192,0     123,8      6     0,054     0     0,000     2     0,014     0,068
        0,0      1024,0         0,0       762,4       2048,0          0,0      13312,0      10009,5     1792,0     1576,4     192,0     123,8      6     0,054     0     0,000     2     0,014     0,068
        0,0      1024,0         0,0       762,4       2048,0          0,0      13312,0      10009,5     1792,0     1576,4     192,0     123,8      6     0,054     0     0,000     2     0,014     0,068
        0,0      1024,0         0,0       762,4       2048,0          0,0      13312,0      10009,5     1792,0     1576,4     192,0     123,8      6     0,054     0     0,000     2     0,014     0,068
        0,0      1024,0         0,0       762,4       2048,0          0,0      13312,0      10009,5     1792,0     1576,4     192,0     123,8      6     0,054     0     0,000     2     0,014     0,068
        0,0      1024,0         0,0       762,4       2048,0          0,0      13312,0      10009,5     1792,0     1576,4     192,0     123,8      6     0,054     0     0,000     2     0,014     0,068
        0,0      1024,0         0,0       853,6       2048,0          0,0      13312,0      10863,2     1792,0     1583,1     192,0     123,8      7     0,059     0     0,000     4     0,015     0,074
        0,0      1024,0         0,0       853,6       2048,0          0,0      13312,0      10863,2     1792,0     1583,1     192,0     123,8      7     0,059     0     0,000     4     0,015     0,074
        0,0      1024,0         0,0       853,6       2048,0          0,0      13312,0      10863,2     1792,0     1583,1     192,0     123,8      7     0,059     0     0,000     4     0,015     0,074
        0,0      1024,0         0,0       853,6       2048,0          0,0      13312,0      10863,2     1792,0     1583,1     192,0     123,8      7     0,059     0     0,000     4     0,015     0,074
        0,0      1024,0         0,0       853,6       2048,0          0,0      13312,0      10863,2     1792,0     1583,1     192,0     123,8      7     0,059     0     0,000     4     0,015     0,074
        0,0      1024,0         0,0       853,6       2048,0          0,0      13312,0      10863,2     1792,0     1583,1     192,0     123,8      7     0,059     0     0,000     4     0,015     0,074
        0,0      1024,0         0,0       864,3       2048,0          0,0      13312,0      11611,0     1792,0     1583,1     192,0     123,8      8     0,065     0     0,000     4     0,015     0,080
        0,0      1024,0         0,0       864,3       2048,0          0,0      13312,0      11611,0     1792,0     1583,1     192,0     123,8      8     0,065     0     0,000     4     0,015     0,080
        0,0      1024,0         0,0       864,3       2048,0          0,0      13312,0      11611,0     1792,0     1583,1     192,0     123,8      8     0,065     0     0,000     4     0,015     0,080
        0,0      1024,0         0,0       864,3       2048,0          0,0      13312,0      11611,0     1792,0     1583,1     192,0     123,8      8     0,065     0     0,000     4     0,015     0,080
        0,0      1024,0         0,0       864,3       2048,0          0,0      13312,0      11611,0     1792,0     1583,1     192,0     123,8      8     0,065     0     0,000     4     0,015     0,080
        0,0      1024,0         0,0       864,3       2048,0          0,0      13312,0      11611,0     1792,0     1583,1     192,0     123,8      8     0,065     0     0,000     4     0,015     0,080
        0,0      1024,0         0,0       864,3       2048,0          0,0      13312,0      11611,0     1792,0     1583,1     192,0     123,8      8     0,065     0     0,000     4     0,015     0,080
        0,0      1024,0         0,0       864,3       2048,0          0,0      13312,0      11611,0     1792,0     1583,1     192,0     123,8      8     0,065     0     0,000     4     0,015     0,080
        0,0      1024,0         0,0       864,3       2048,0          0,0      13312,0      11611,0     1792,0     1583,1     192,0     123,8      8     0,065     0     0,000     4     0,015     0,080
        0,0      1024,0         0,0       864,3       2048,0          0,0      13312,0      11611,0     1792,0     1583,1     192,0     123,8      8     0,065     0     0,000     4     0,015     0,080
        0,0      1024,0         0,0       864,3       2048,0          0,0      13312,0      11611,0     1792,0     1583,1     192,0     123,8      8     0,065     0     0,000     4     0,015     0,080
        0,0      1024,0         0,0       864,3       2048,0          0,0      13312,0      11611,0     1792,0     1583,1     192,0     123,8      8     0,065     0     0,000     4     0,015     0,080
        0,0      1024,0         0,0       763,3       2048,0          0,0      13312,0      12201,4     1792,0     1583,5     192,0     123,8      9     0,072     0     0,000     4     0,015     0,087
        0,0      1024,0         0,0       763,3       2048,0          0,0      13312,0      12201,4     1792,0     1583,5     192,0     123,8      9     0,072     0     0,000     4     0,015     0,087
        0,0      1024,0         0,0       763,3       2048,0          0,0      13312,0      12201,4     1792,0     1583,5     192,0     123,8      9     0,072     0     0,000     4     0,015     0,087
        0,0      1024,0         0,0       763,3       2048,0          0,0      13312,0      12201,4     1792,0     1583,5     192,0     123,8      9     0,072     0     0,000     4     0,015     0,087
        0,0      1024,0         0,0       763,3       2048,0          0,0      13312,0      12201,4     1792,0     1583,5     192,0     123,8      9     0,072     0     0,000     4     0,015     0,087
        0,0      1024,0         0,0       763,3       2048,0          0,0      13312,0      12201,4     1792,0     1583,5     192,0     123,8      9     0,072     0     0,000     4     0,015     0,087
        0,0         0,0         0,0         0,0       2048,0          0,0      14336,0      12134,7     1792,0     1587,7     192,0     123,8     10     0,078     1     0,051     4     0,015     0,144
        0,0         0,0         0,0         0,0       2048,0          0,0      14336,0      12134,7     1792,0     1587,7     192,0     123,8     10     0,078     1     0,051     4     0,015     0,144
        0,0         0,0         0,0         0,0       2048,0          0,0      14336,0      12134,7     1792,0     1587,7     192,0     123,8     10     0,078     1     0,051     4     0,015     0,144
        0,0         0,0         0,0         0,0       2048,0          0,0      14336,0      12134,7     1792,0     1587,7     192,0     123,8     10     0,078     1     0,051     4     0,015     0,144
        0,0         0,0         0,0         0,0       2048,0          0,0      14336,0      12134,7     1792,0     1587,7     192,0     123,8     10     0,078     1     0,051     4     0,015     0,144
        0,0         0,0         0,0         0,0       2048,0          0,0      14336,0      12134,7     1792,0     1587,7     192,0     123,8     10     0,078     1     0,051     4     0,015     0,144
        0,0         0,0         0,0         0,0       2048,0          0,0      14336,0      12134,7     1792,0     1587,7     192,0     123,8     10     0,078     1     0,051     4     0,015     0,144
        0,0         0,0         0,0         0,0       2048,0          0,0      14336,0      12134,7     1792,0     1587,7     192,0     123,8     10     0,078     1     0,051     4     0,015     0,144
        0,0         0,0         0,0         0,0       2048,0          0,0      14336,0      12134,7     1792,0     1587,7     192,0     123,8     10     0,078     1     0,051     4     0,015     0,144
        0,0         0,0         0,0         0,0       2048,0          0,0      14336,0      12134,7     1792,0     1587,7     192,0     123,8     10     0,078     1     0,051     4     0,015     0,144
        0,0         0,0         0,0         0,0       2048,0          0,0      14336,0      12134,7     1792,0     1587,7     192,0     123,8     10     0,078     1     0,051     4     0,015     0,144
        0,0         0,0         0,0         0,0       2048,0          0,0      14336,0      12134,7     1792,0     1587,7     192,0     123,8     10     0,078     1     0,051     4     0,015     0,144
        0,0         0,0         0,0         0,0       2048,0          0,0      14336,0      12134,7     1792,0     1587,7     192,0     123,8     10     0,078     1     0,051     4     0,015     0,144
        0,0         0,0         0,0         0,0       2048,0          0,0      14336,0      12134,7     1792,0     1587,7     192,0     123,8     10     0,078     1     0,051     4     0,015     0,144
        0,0         0,0         0,0         0,0       2048,0          0,0      14336,0      12134,7     1792,0     1587,7     192,0     123,8     10     0,078     1     0,051     4     0,015     0,144
        0,0         0,0         0,0         0,0       2048,0          0,0      14336,0      12134,7     1792,0     1587,7     192,0     123,8     10     0,078     1     0,051     4     0,015     0,144
        0,0      1024,0         0,0       803,4       2048,0          0,0      13312,0      12134,7     1792,0     1591,0     192,0     123,8     11     0,081     1     0,051     4     0,015     0,147
        0,0      1024,0         0,0       803,4       2048,0          0,0      13312,0      12134,7     1792,0     1591,0     192,0     123,8     11     0,081     1     0,051     4     0,015     0,147
        0,0      1024,0         0,0       803,4       2048,0          0,0      13312,0      12134,7     1792,0     1591,0     192,0     123,8     11     0,081     1     0,051     4     0,015     0,147
        0,0      1024,0         0,0       803,4       2048,0          0,0      13312,0      12134,7     1792,0     1591,0     192,0     123,8     11     0,081     1     0,051     4     0,015     0,147
        0,0      1024,0         0,0       803,4       2048,0          0,0      13312,0      12134,7     1792,0     1591,0     192,0     123,8     11     0,081     1     0,051     4     0,015     0,147
        0,0      1024,0         0,0       803,4       2048,0          0,0      13312,0      12134,7     1792,0     1591,0     192,0     123,8     11     0,081     1     0,051     4     0,015     0,147
        0,0      1024,0         0,0       803,4       2048,0          0,0      13312,0      12134,7     1792,0     1591,0     192,0     123,8     11     0,081     1     0,051     4     0,015     0,147
        0,0      1024,0         0,0       803,4       2048,0          0,0      13312,0      12134,7     1792,0     1591,0     192,0     123,8     11     0,081     1     0,051     4     0,015     0,147
        0,0      1024,0         0,0       803,4       2048,0          0,0      13312,0      12134,7     1792,0     1591,0     192,0     123,8     11     0,081     1     0,051     4     0,015     0,147
        0,0         0,0         0,0         0,0       2048,0          0,0      14336,0      13423,9     1792,0     1591,0     192,0     123,8     12     0,087     2     0,105     4     0,015     0,206
        0,0         0,0         0,0         0,0       2048,0          0,0      14336,0      13423,9     1792,0     1591,0     192,0     123,8     12     0,087     2     0,105     4     0,015     0,206
        0,0         0,0         0,0         0,0       2048,0          0,0      14336,0      13423,9     1792,0     1591,0     192,0     123,8     12     0,087     2     0,105     4     0,015     0,206
        0,0         0,0         0,0         0,0       2048,0          0,0      14336,0      13423,9     1792,0     1591,0     192,0     123,8     12     0,087     2     0,105     4     0,015     0,206
        0,0         0,0         0,0         0,0       2048,0          0,0      14336,0      13423,9     1792,0     1591,0     192,0     123,8     12     0,087     2     0,105     4     0,015     0,206
        0,0         0,0         0,0         0,0       2048,0          0,0      14336,0      13423,9     1792,0     1591,0     192,0     123,8     12     0,087     2     0,105     4     0,015     0,206
        0,0         0,0         0,0         0,0       2048,0          0,0      14336,0      13423,9     1792,0     1591,0     192,0     123,8     12     0,087     2     0,105     4     0,015     0,206
        0,0         0,0         0,0         0,0       2048,0          0,0      14336,0      13423,9     1792,0     1591,0     192,0     123,8     12     0,087     2     0,105     4     0,015     0,206
        0,0         0,0         0,0         0,0       2048,0          0,0      14336,0      13423,9     1792,0     1591,0     192,0     123,8     12     0,087     2     0,105     4     0,015     0,206
        0,0         0,0         0,0         0,0       2048,0          0,0      14336,0      13423,9     1792,0     1591,0     192,0     123,8     12     0,087     2     0,105     4     0,015     0,206
        0,0         0,0         0,0         0,0       1024,0          0,0      15360,0      14829,0     1792,0     1610,4     192,0     127,1     14     0,091     4     0,193     4     0,015     0,299
        0,0         0,0         0,0         0,0       1024,0          0,0      15360,0      14829,0     1792,0     1610,4     192,0     127,1     14     0,091     4     0,193     4     0,015     0,299
        0,0         0,0         0,0         0,0       1024,0          0,0      15360,0      14829,0     1792,0     1610,4     192,0     127,1     14     0,091     4     0,193     4     0,015     0,299
        0,0         0,0         0,0         0,0       1024,0          0,0      15360,0      14829,0     1792,0     1610,4     192,0     127,1     14     0,091     4     0,193     4     0,015     0,299
        0,0         0,0         0,0         0,0       1024,0          0,0      15360,0      14829,0     1792,0     1610,4     192,0     127,1     14     0,091     4     0,193     4     0,015     0,299
        0,0         0,0         0,0         0,0       1024,0          0,0      15360,0      14829,0     1792,0     1610,4     192,0     127,1     14     0,091     4     0,193     4     0,015     0,299
        0,0         0,0         0,0         0,0       1024,0          0,0      15360,0      14829,0     1792,0     1610,4     192,0     127,1     14     0,091     4     0,193     4     0,015     0,299
        0,0         0,0         0,0         0,0       1024,0          0,0      15360,0      14829,0     1792,0     1610,4     192,0     127,1     14     0,091     4     0,193     4     0,015     0,299
        0,0         0,0         0,0         0,0       1024,0          0,0      15360,0      14829,0     1792,0     1610,4     192,0     127,1     14     0,091     4     0,193     4     0,015     0,299
        0,0         0,0         0,0         0,0          0,0          0,0      16384,0      15853,0     1792,0     1635,8     192,0     127,1     15     0,100     5     0,193     4     0,015     0,307
        0,0         0,0         0,0         0,0       4096,0          0,0      12288,0       3039,9     1792,0     1635,8     192,0     127,1     15     0,100     5     0,222     4     0,015     0,336
        0,0         0,0         0,0         0,0       4096,0          0,0      12288,0       3039,9     1792,0     1635,8     192,0     127,1     15     0,100     5     0,222     4     0,015     0,336
        0,0         0,0         0,0         0,0       4096,0       1024,0      12288,0       3039,9     1792,0     1635,8     192,0     127,1     15     0,100     5     0,222     4     0,015     0,336
        0,0         0,0         0,0         0,0       4096,0       1024,0      12288,0       3039,9     1792,0     1635,8     192,0     127,1     15     0,100     5     0,222     4     0,015     0,336
        0,0         0,0         0,0         0,0       4096,0       1024,0      12288,0       3039,9     1792,0     1635,8     192,0     127,1     15     0,100     5     0,222     4     0,015     0,336
        0,0         0,0         0,0         0,0       4096,0       1024,0      12288,0       3039,9     1792,0     1635,8     192,0     127,1     15     0,100     5     0,222     4     0,015     0,336
        0,0         0,0         0,0         0,0       4096,0       1024,0      12288,0       3039,9     1792,0     1635,8     192,0     127,1     15     0,100     5     0,222     4     0,015     0,336
        0,0         0,0         0,0         0,0       4096,0       1024,0      12288,0       3039,9     1792,0     1635,8     192,0     127,1     15     0,100     5     0,222     4     0,015     0,336
        0,0         0,0         0,0         0,0       4096,0       1024,0      12288,0       3039,9     1792,0     1635,8     192,0     127,1     15     0,100     5     0,222     4     0,015     0,336
        0,0         0,0         0,0         0,0       4096,0       1024,0      12288,0       3039,9     1792,0     1635,8     192,0     127,1     15     0,100     5     0,222     4     0,015     0,336
        0,0         0,0         0,0         0,0       4096,0       1024,0      12288,0       3039,9     1792,0     1635,8     192,0     127,1     15     0,100     5     0,222     4     0,015     0,336
        0,0         0,0         0,0         0,0       4096,0       1024,0      12288,0       3039,9     1792,0     1635,8     192,0     127,1     15     0,100     5     0,222     4     0,015     0,336
        0,0         0,0         0,0         0,0       4096,0       1024,0      12288,0       3039,9     1792,0     1635,8     192,0     127,1     15     0,100     5     0,222     4     0,015     0,336
        0,0         0,0         0,0         0,0       4096,0       1024,0      12288,0       3039,9     1792,0     1635,8     192,0     127,1     15     0,100     5     0,222     4     0,015     0,336
        0,0         0,0         0,0         0,0       4096,0       1024,0      12288,0       3039,9     1792,0     1635,8     192,0     127,1     15     0,100     5     0,222     4     0,015     0,336
        0,0         0,0         0,0         0,0       4096,0       1024,0      12288,0       3039,9     1792,0     1635,8     192,0     127,1     15     0,100     5     0,222     4     0,015     0,336
        0,0         0,0         0,0         0,0       4096,0       1024,0      12288,0       3039,9     1792,0     1635,8     192,0     127,1     15     0,100     5     0,222     4     0,015     0,336
        0,0         0,0         0,0         0,0       4096,0       1024,0      12288,0       3039,9     1792,0     1635,8     192,0     127,1     15     0,100     5     0,222     4     0,015     0,336
        0,0         0,0         0,0         0,0       4096,0       1024,0      12288,0       3039,9     1792,0     1635,8     192,0     127,1     15     0,100     5     0,222     4     0,015     0,336
        0,0         0,0         0,0         0,0       4096,0       1024,0      12288,0       3039,9     1792,0     1635,8     192,0     127,1     15     0,100     5     0,222     4     0,015     0,336
        0,0         0,0         0,0         0,0       4096,0       1024,0      12288,0       3039,9     1792,0     1635,8     192,0     127,1     15     0,100     5     0,222     4     0,015     0,336
        0,0         0,0         0,0         0,0       4096,0       1024,0      12288,0       3039,9     1792,0     1635,8     192,0     127,1     15     0,100     5     0,222     4     0,015     0,336
        0,0         0,0         0,0         0,0       4096,0       1024,0      12288,0       3039,9     1792,0     1635,8     192,0     127,1     15     0,100     5     0,222     4     0,015     0,336
        0,0         0,0         0,0         0,0       4096,0       1024,0      12288,0       3039,9     1792,0     1635,8     192,0     127,1     15     0,100     5     0,222     4     0,015     0,336
        0,0         0,0         0,0         0,0       4096,0       1024,0      12288,0       3039,9     1792,0     1635,8     192,0     127,1     15     0,100     5     0,222     4     0,015     0,336
        0,0         0,0         0,0         0,0       4096,0       1024,0      12288,0       3039,9     1792,0     1635,8     192,0     127,1     15     0,100     5     0,222     4     0,015     0,336
        0,0         0,0         0,0         0,0       4096,0       1024,0      12288,0       3039,9     1792,0     1635,8     192,0     127,1     15     0,100     5     0,222     4     0,015     0,336
        0,0         0,0         0,0         0,0       4096,0       1024,0      12288,0       3039,9     1792,0     1635,8     192,0     127,1     15     0,100     5     0,222     4     0,015     0,336
        0,0         0,0         0,0         0,0       4096,0       2048,0      12288,0       3039,9     1792,0     1635,8     192,0     127,1     15     0,100     5     0,222     4     0,015     0,336
        0,0         0,0         0,0         0,0       4096,0       2048,0      12288,0       3039,9     1792,0     1635,8     192,0     127,1     15     0,100     5     0,222     4     0,015     0,336
        0,0         0,0         0,0         0,0       4096,0       2048,0      12288,0       3039,9     1792,0     1635,8     192,0     127,1     15     0,100     5     0,222     4     0,015     0,336
        0,0         0,0         0,0         0,0       4096,0       2048,0      12288,0       3039,9     1792,0     1635,8     192,0     127,1     15     0,100     5     0,222     4     0,015     0,336
        0,0         0,0         0,0         0,0       4096,0       2048,0      12288,0       3039,9     1792,0     1635,8     192,0     127,1     15     0,100     5     0,222     4     0,015     0,336
        0,0         0,0         0,0         0,0       4096,0       2048,0      12288,0       3039,9     1792,0     1635,8     192,0     127,1     15     0,100     5     0,222     4     0,015     0,336
        0,0         0,0         0,0         0,0       4096,0       2048,0      12288,0       3039,9     1792,0     1635,8     192,0     127,1     15     0,100     5     0,222     4     0,015     0,336
        0,0         0,0         0,0         0,0       4096,0       2048,0      12288,0       3039,9     1792,0     1635,8     192,0     127,1     15     0,100     5     0,222     4     0,015     0,336
        0,0         0,0         0,0         0,0       4096,0       2048,0      12288,0       3039,9     1792,0     1635,8     192,0     127,1     15     0,100     5     0,222     4     0,015     0,336
        0,0         0,0         0,0         0,0       4096,0       2048,0      12288,0       3039,9     1792,0     1635,8     192,0     127,1     15     0,100     5     0,222     4     0,015     0,336
        0,0         0,0         0,0         0,0       4096,0       2048,0      12288,0       3039,9     1792,0     1635,8     192,0     127,1     15     0,100     5     0,222     4     0,015     0,336
        0,0         0,0         0,0         0,0       4096,0       2048,0      12288,0       3039,9     1792,0     1635,8     192,0     127,1     15     0,100     5     0,222     4     0,015     0,336
        0,0         0,0         0,0         0,0       4096,0       2048,0      12288,0       3039,9     1792,0     1635,8     192,0     127,1     15     0,100     5     0,222     4     0,015     0,336
        0,0         0,0         0,0         0,0       4096,0       2048,0      12288,0       3039,9     1792,0     1635,8     192,0     127,1     15     0,100     5     0,222     4     0,015     0,336
        0,0         0,0         0,0         0,0       4096,0       2048,0      12288,0       3039,9     1792,0     1635,8     192,0     127,1     15     0,100     5     0,222     4     0,015     0,336
        0,0         0,0         0,0         0,0       4096,0       2048,0      12288,0       3039,9     1792,0     1635,8     192,0     127,1     15     0,100     5     0,222     4     0,015     0,336
        0,0         0,0         0,0         0,0       4096,0       2048,0      12288,0       3039,9     1792,0     1635,8     192,0     127,1     15     0,100     5     0,222     4     0,015     0,336
        0,0         0,0         0,0         0,0       4096,0       2048,0      12288,0       3039,9     1792,0     1635,8     192,0     127,1     15     0,100     5     0,222     4     0,015     0,336
        0,0         0,0         0,0         0,0       4096,0       3072,0      12288,0       3039,9     1792,0     1635,8     192,0     127,1     15     0,100     5     0,222     4     0,015     0,336
        0,0         0,0         0,0         0,0       4096,0       3072,0      12288,0       3039,9     1792,0     1635,8     192,0     127,1     15     0,100     5     0,222     4     0,015     0,336
        0,0         0,0         0,0         0,0       4096,0       3072,0      12288,0       3039,9     1792,0     1635,8     192,0     127,1     15     0,100     5     0,222     4     0,015     0,336
        0,0         0,0         0,0         0,0       4096,0       3072,0      12288,0       3039,9     1792,0     1635,8     192,0     127,1     15     0,100     5     0,222     4     0,015     0,336
        0,0         0,0         0,0         0,0       4096,0       3072,0      12288,0       3039,9     1792,0     1635,8     192,0     127,1     15     0,100     5     0,222     4     0,015     0,336
        0,0         0,0         0,0         0,0       4096,0       3072,0      12288,0       3039,9     1792,0     1635,8     192,0     127,1     15     0,100     5     0,222     4     0,015     0,336
        0,0         0,0         0,0         0,0       4096,0       3072,0      12288,0       3039,9     1792,0     1635,8     192,0     127,1     15     0,100     5     0,222     4     0,015     0,336
        0,0         0,0         0,0         0,0       4096,0       3072,0      12288,0       3039,9     1792,0     1635,8     192,0     127,1     15     0,100     5     0,222     4     0,015     0,336
        0,0         0,0         0,0         0,0       4096,0       3072,0      12288,0       3039,9     1792,0     1635,8     192,0     127,1     15     0,100     5     0,222     4     0,015     0,336
        0,0         0,0         0,0         0,0       4096,0       3072,0      12288,0       3039,9     1792,0     1635,8     192,0     127,1     15     0,100     5     0,222     4     0,015     0,336
        0,0         0,0         0,0         0,0       4096,0       3072,0      12288,0       3039,9     1792,0     1635,8     192,0     127,1     15     0,100     5     0,222     4     0,015     0,336
        0,0         0,0         0,0         0,0       4096,0       3072,0      12288,0       3039,9     1792,0     1635,8     192,0     127,1     15     0,100     5     0,222     4     0,015     0,336
        0,0      1024,0         0,0      1024,0       4096,0          0,0      11264,0       4225,1     1856,0     1653,6     192,0     127,1     16     0,108     5     0,222     4     0,015     0,344
        0,0      1024,0         0,0      1024,0       4096,0          0,0      11264,0       4225,1     1856,0     1653,6     192,0     127,1     16     0,108     5     0,222     4     0,015     0,344
        0,0      1024,0         0,0      1024,0       4096,0          0,0      11264,0       4225,1     1856,0     1653,6     192,0     127,1     16     0,108     5     0,222     4     0,015     0,344
        0,0      1024,0         0,0      1024,0       4096,0          0,0      11264,0       4225,1     1856,0     1653,6     192,0     127,1     16     0,108     5     0,222     4     0,015     0,344
        0,0      1024,0         0,0      1024,0       4096,0          0,0      11264,0       4225,1     1856,0     1653,6     192,0     127,1     16     0,108     5     0,222     4     0,015     0,344
        0,0      1024,0         0,0      1024,0       4096,0          0,0      11264,0       4225,1     1856,0     1653,6     192,0     127,1     16     0,108     5     0,222     4     0,015     0,344
        0,0      1024,0         0,0      1024,0       4096,0          0,0      11264,0       4225,1     1856,0     1653,6     192,0     127,1     16     0,108     5     0,222     4     0,015     0,344
        0,0      1024,0         0,0      1024,0       4096,0          0,0      11264,0       4225,1     1856,0     1653,6     192,0     127,1     16     0,108     5     0,222     4     0,015     0,344
        0,0      1024,0         0,0      1024,0       4096,0          0,0      11264,0       4225,1     1856,0     1653,6     192,0     127,1     16     0,108     5     0,222     4     0,015     0,344
        0,0      1024,0         0,0      1024,0       4096,0          0,0      11264,0       4225,1     1856,0     1653,6     192,0     127,1     16     0,108     5     0,222     4     0,015     0,344
        0,0      1024,0         0,0      1024,0       4096,0          0,0      11264,0       4225,1     1856,0     1653,6     192,0     127,1     16     0,108     5     0,222     4     0,015     0,344
        0,0      1024,0         0,0      1024,0       4096,0          0,0      11264,0       4225,1     1856,0     1653,6     192,0     127,1     16     0,108     5     0,222     4     0,015     0,344
        0,0      1024,0         0,0      1024,0       4096,0          0,0      11264,0       4225,1     1856,0     1653,6     192,0     127,1     16     0,108     5     0,222     4     0,015     0,344
        0,0      1024,0         0,0      1024,0       4096,0          0,0      11264,0       4225,1     1856,0     1653,6     192,0     127,1     16     0,108     5     0,222     4     0,015     0,344
        0,0      1024,0         0,0      1024,0       4096,0       1024,0      11264,0       4225,1     1856,0     1653,6     192,0     127,1     16     0,108     5     0,222     4     0,015     0,344
        0,0      1024,0         0,0      1024,0       4096,0       1024,0      11264,0       4225,1     1856,0     1653,6     192,0     127,1     16     0,108     5     0,222     4     0,015     0,344
        0,0      1024,0         0,0      1024,0       4096,0       1024,0      11264,0       4225,1     1856,0     1653,6     192,0     127,1     16     0,108     5     0,222     4     0,015     0,344
        0,0      1024,0         0,0      1024,0       4096,0       1024,0      11264,0       4225,1     1856,0     1653,6     192,0     127,1     16     0,108     5     0,222     4     0,015     0,344
        0,0      1024,0         0,0      1024,0       4096,0       1024,0      11264,0       4225,1     1856,0     1653,6     192,0     127,1     16     0,108     5     0,222     4     0,015     0,344
        0,0      1024,0         0,0      1024,0       4096,0       1024,0      11264,0       4225,1     1856,0     1653,6     192,0     127,1     16     0,108     5     0,222     4     0,015     0,344
        0,0      1024,0         0,0      1024,0       4096,0       1024,0      11264,0       4225,1     1856,0     1653,6     192,0     127,1     16     0,108     5     0,222     4     0,015     0,344
        0,0      1024,0         0,0      1024,0       4096,0       1024,0      11264,0       4225,1     1856,0     1653,6     192,0     127,1     16     0,108     5     0,222     4     0,015     0,344
        0,0      1024,0         0,0      1024,0       4096,0       1024,0      11264,0       4225,1     1856,0     1653,6     192,0     127,1     16     0,108     5     0,222     4     0,015     0,344
        0,0      1024,0         0,0      1024,0       4096,0       1024,0      11264,0       4225,1     1856,0     1653,6     192,0     127,1     16     0,108     5     0,222     4     0,015     0,344
        0,0      1024,0         0,0      1024,0       4096,0       1024,0      11264,0       4225,1     1856,0     1653,6     192,0     127,1     16     0,108     5     0,222     4     0,015     0,344
        0,0      1024,0         0,0      1024,0       4096,0       1024,0      11264,0       4225,1     1856,0     1653,6     192,0     127,1     16     0,108     5     0,222     4     0,015     0,344
        0,0      1024,0         0,0      1024,0       4096,0       1024,0      11264,0       4225,1     1856,0     1653,6     192,0     127,1     16     0,108     5     0,222     4     0,015     0,344
        0,0      1024,0         0,0      1024,0       4096,0       1024,0      11264,0       4225,1     1856,0     1653,6     192,0     127,1     16     0,108     5     0,222     4     0,015     0,344
        0,0      1024,0         0,0      1024,0       4096,0       1024,0      11264,0       4225,1     1856,0     1653,6     192,0     127,1     16     0,108     5     0,222     4     0,015     0,344
        0,0      1024,0         0,0      1024,0       4096,0       1024,0      11264,0       4225,1     1856,0     1653,6     192,0     127,1     16     0,108     5     0,222     4     0,015     0,344
        0,0      1024,0         0,0      1024,0       4096,0       2048,0      11264,0       4225,1     1856,0     1653,6     192,0     127,1     16     0,108     5     0,222     4     0,015     0,344
        0,0      1024,0         0,0      1024,0       4096,0       2048,0      11264,0       4225,1     1856,0     1653,6     192,0     127,1     16     0,108     5     0,222     4     0,015     0,344
        0,0      1024,0         0,0      1024,0       4096,0       2048,0      11264,0       4225,1     1856,0     1653,6     192,0     127,1     16     0,108     5     0,222     4     0,015     0,344
        0,0      1024,0         0,0      1024,0       4096,0       2048,0      11264,0       4225,1     1856,0     1653,6     192,0     127,1     16     0,108     5     0,222     4     0,015     0,344
        0,0      1024,0         0,0      1024,0       4096,0       2048,0      11264,0       4225,1     1856,0     1653,6     192,0     127,1     16     0,108     5     0,222     4     0,015     0,344
        0,0      1024,0         0,0      1024,0       4096,0       2048,0      11264,0       4225,1     1856,0     1653,6     192,0     127,1     16     0,108     5     0,222     4     0,015     0,344
        0,0      1024,0         0,0      1024,0       4096,0       2048,0      11264,0       4225,1     1856,0     1653,6     192,0     127,1     16     0,108     5     0,222     4     0,015     0,344
        0,0      1024,0         0,0      1024,0       4096,0       2048,0      11264,0       4225,1     1856,0     1653,6     192,0     127,1     16     0,108     5     0,222     4     0,015     0,344
        0,0      1024,0         0,0      1024,0       4096,0       2048,0      11264,0       4225,1     1856,0     1653,6     192,0     127,1     16     0,108     5     0,222     4     0,015     0,344
        0,0      1024,0         0,0      1024,0       4096,0       2048,0      11264,0       4225,1     1856,0     1653,6     192,0     127,1     16     0,108     5     0,222     4     0,015     0,344
        0,0      1024,0         0,0      1024,0       4096,0       2048,0      11264,0       4225,1     1856,0     1653,6     192,0     127,1     16     0,108     5     0,222     4     0,015     0,344
        0,0      1024,0         0,0      1024,0       4096,0       2048,0      11264,0       4225,1     1856,0     1653,6     192,0     127,1     16     0,108     5     0,222     4     0,015     0,344
        0,0      1024,0         0,0      1024,0       4096,0       2048,0      11264,0       4225,1     1856,0     1653,6     192,0     127,1     16     0,108     5     0,222     4     0,015     0,344
        0,0      1024,0         0,0      1024,0       4096,0       2048,0      11264,0       4225,1     1856,0     1653,6     192,0     127,1     16     0,108     5     0,222     4     0,015     0,344
        0,0      1024,0         0,0      1024,0       4096,0       2048,0      11264,0       4225,1     1856,0     1653,6     192,0     127,1     16     0,108     5     0,222     4     0,015     0,344
        0,0      1024,0         0,0      1024,0       4096,0       2048,0      11264,0       4225,1     1856,0     1653,6     192,0     127,1     16     0,108     5     0,222     4     0,015     0,344
        0,0      1024,0         0,0      1024,0       4096,0       2048,0      11264,0       4225,1     1856,0     1653,6     192,0     127,1     16     0,108     5     0,222     4     0,015     0,344
        0,0      1024,0         0,0      1024,0       4096,0       2048,0      11264,0       4225,1     1856,0     1653,6     192,0     127,1     16     0,108     5     0,222     4     0,015     0,344
        0,0      1024,0         0,0      1024,0       4096,0       2048,0      11264,0       4225,1     1856,0     1653,6     192,0     127,1     16     0,108     5     0,222     4     0,015     0,344
        0,0      1024,0         0,0      1024,0       3072,0          0,0      12288,0       6463,1     1856,0     1661,4     192,0     127,1     17     0,119     5     0,222     4     0,015     0,355
        0,0      1024,0         0,0      1024,0       3072,0          0,0      12288,0       6463,1     1856,0     1661,4     192,0     127,1     17     0,119     5     0,222     4     0,015     0,355
        0,0      1024,0         0,0      1024,0       3072,0          0,0      12288,0       6463,1     1856,0     1661,4     192,0     127,1     17     0,119     5     0,222     4     0,015     0,355
        0,0      1024,0         0,0      1024,0       3072,0          0,0      12288,0       6463,1     1856,0     1661,4     192,0     127,1     17     0,119     5     0,222     4     0,015     0,355
        0,0      1024,0         0,0      1024,0       3072,0          0,0      12288,0       6463,1     1856,0     1661,4     192,0     127,1     17     0,119     5     0,222     4     0,015     0,355
        0,0      1024,0         0,0      1024,0       3072,0          0,0      12288,0       6463,1     1856,0     1661,4     192,0     127,1     17     0,119     5     0,222     4     0,015     0,355
        0,0      1024,0         0,0      1024,0       3072,0          0,0      12288,0       6463,1     1856,0     1661,4     192,0     127,1     17     0,119     5     0,222     4     0,015     0,355
        0,0      1024,0         0,0      1024,0       3072,0          0,0      12288,0       6463,1     1856,0     1661,4     192,0     127,1     17     0,119     5     0,222     4     0,015     0,355
        0,0      1024,0         0,0      1024,0       3072,0          0,0      12288,0       6463,1     1856,0     1661,4     192,0     127,1     17     0,119     5     0,222     4     0,015     0,355
        0,0      1024,0         0,0      1024,0       3072,0          0,0      12288,0       6463,1     1856,0     1661,4     192,0     127,1     17     0,119     5     0,222     4     0,015     0,355
        0,0      1024,0         0,0      1024,0       3072,0          0,0      12288,0       6463,1     1856,0     1661,4     192,0     127,1     17     0,119     5     0,222     4     0,015     0,355
        0,0      1024,0         0,0      1024,0       3072,0          0,0      12288,0       6463,1     1856,0     1661,4     192,0     127,1     17     0,119     5     0,222     4     0,015     0,355
        0,0      1024,0         0,0      1024,0       3072,0       1024,0      12288,0       6463,1     1856,0     1661,4     192,0     127,1     17     0,119     5     0,222     4     0,015     0,355
        0,0      1024,0         0,0      1024,0       3072,0       1024,0      12288,0       6463,1     1856,0     1661,4     192,0     127,1     17     0,119     5     0,222     4     0,015     0,355
        0,0      1024,0         0,0      1024,0       3072,0       1024,0      12288,0       6463,1     1856,0     1661,4     192,0     127,1     17     0,119     5     0,222     4     0,015     0,355
        0,0      1024,0         0,0      1024,0       3072,0       1024,0      12288,0       6463,1     1856,0     1661,4     192,0     127,1     17     0,119     5     0,222     4     0,015     0,355
        0,0      1024,0         0,0      1024,0       3072,0       1024,0      12288,0       6463,1     1856,0     1661,4     192,0     127,1     17     0,119     5     0,222     4     0,015     0,355
        0,0      1024,0         0,0      1024,0       3072,0       1024,0      12288,0       6463,1     1856,0     1661,4     192,0     127,1     17     0,119     5     0,222     4     0,015     0,355
        0,0      1024,0         0,0      1024,0       3072,0       1024,0      12288,0       6463,1     1856,0     1661,4     192,0     127,1     17     0,119     5     0,222     4     0,015     0,355
        0,0      1024,0         0,0      1024,0       3072,0       1024,0      12288,0       6463,1     1856,0     1661,4     192,0     127,1     17     0,119     5     0,222     4     0,015     0,355
        0,0      1024,0         0,0      1024,0       3072,0       1024,0      12288,0       6463,1     1856,0     1661,4     192,0     127,1     17     0,119     5     0,222     4     0,015     0,355
        0,0      1024,0         0,0      1024,0       3072,0       1024,0      12288,0       6463,1     1856,0     1661,4     192,0     127,1     17     0,119     5     0,222     4     0,015     0,355
        0,0      1024,0         0,0      1024,0       3072,0       1024,0      12288,0       6463,1     1856,0     1661,4     192,0     127,1     17     0,119     5     0,222     4     0,015     0,355
        0,0      1024,0         0,0      1024,0       3072,0       1024,0      12288,0       6463,1     1856,0     1661,4     192,0     127,1     17     0,119     5     0,222     4     0,015     0,355
        0,0      1024,0         0,0      1024,0       3072,0       1024,0      12288,0       6463,1     1856,0     1661,4     192,0     127,1     17     0,119     5     0,222     4     0,015     0,355
        0,0      1024,0         0,0      1024,0       3072,0       1024,0      12288,0       6463,1     1856,0     1661,4     192,0     127,1     17     0,119     5     0,222     4     0,015     0,355
        0,0      1024,0         0,0      1024,0       3072,0       1024,0      12288,0       6463,1     1856,0     1661,4     192,0     127,1     17     0,119     5     0,222     4     0,015     0,355
        0,0      1024,0         0,0      1024,0       2048,0          0,0      13312,0       8031,8     1856,0     1662,6     192,0     127,1     18     0,127     5     0,222     6     0,016     0,365
        0,0      1024,0         0,0      1024,0       2048,0          0,0      13312,0       8031,8     1856,0     1662,6     192,0     127,1     18     0,127     5     0,222     6     0,016     0,365
        0,0      1024,0         0,0      1024,0       2048,0          0,0      13312,0       8031,8     1856,0     1662,6     192,0     127,1     18     0,127     5     0,222     6     0,016     0,365
        0,0      1024,0         0,0      1024,0       2048,0          0,0      13312,0       8031,8     1856,0     1662,6     192,0     127,1     18     0,127     5     0,222     6     0,016     0,365
        0,0      1024,0         0,0      1024,0       2048,0          0,0      13312,0       8031,8     1856,0     1662,6     192,0     127,1     18     0,127     5     0,222     6     0,016     0,365
        0,0      1024,0         0,0      1024,0       2048,0          0,0      13312,0       8031,8     1856,0     1662,6     192,0     127,1     18     0,127     5     0,222     6     0,016     0,365
        0,0      1024,0         0,0      1024,0       2048,0          0,0      13312,0       8031,8     1856,0     1662,6     192,0     127,1     18     0,127     5     0,222     6     0,016     0,365
        0,0      1024,0         0,0      1024,0       2048,0          0,0      13312,0       8031,8     1856,0     1662,6     192,0     127,1     18     0,127     5     0,222     6     0,016     0,365
        0,0      1024,0         0,0      1024,0       2048,0          0,0      13312,0       8031,8     1856,0     1662,6     192,0     127,1     18     0,127     5     0,222     6     0,016     0,365
        0,0      1024,0         0,0      1024,0       2048,0          0,0      13312,0       8031,8     1856,0     1662,6     192,0     127,1     18     0,127     5     0,222     6     0,016     0,365
        0,0      1024,0         0,0      1024,0       2048,0          0,0      13312,0       8031,8     1856,0     1662,6     192,0     127,1     18     0,127     5     0,222     6     0,016     0,365
        0,0      1024,0         0,0      1024,0       2048,0          0,0      13312,0       8031,8     1856,0     1662,6     192,0     127,1     18     0,127     5     0,222     6     0,016     0,365
        0,0      1024,0         0,0      1024,0       2048,0          0,0      13312,0       8031,8     1856,0     1662,6     192,0     127,1     18     0,127     5     0,222     6     0,016     0,365
        0,0      1024,0         0,0      1024,0       2048,0          0,0      13312,0       8031,8     1856,0     1662,6     192,0     127,1     18     0,127     5     0,222     6     0,016     0,365
        0,0      1024,0         0,0      1024,0       2048,0          0,0      13312,0       8031,8     1856,0     1662,6     192,0     127,1     18     0,127     5     0,222     6     0,016     0,365
        0,0      1024,0         0,0      1024,0       2048,0          0,0      13312,0       8031,8     1856,0     1662,6     192,0     127,1     18     0,127     5     0,222     6     0,016     0,365
        0,0      1024,0         0,0      1024,0       2048,0          0,0      13312,0       8031,8     1856,0     1662,6     192,0     127,1     18     0,127     5     0,222     6     0,016     0,365
        0,0      1024,0         0,0      1024,0       2048,0          0,0      13312,0       8031,8     1856,0     1662,6     192,0     127,1     18     0,127     5     0,222     6     0,016     0,365
        0,0      1024,0         0,0       807,0       2048,0          0,0      13312,0       9183,9     1856,0     1662,6     192,0     127,1     19     0,130     5     0,222     6     0,016     0,367
        0,0      1024,0         0,0       807,0       2048,0          0,0      13312,0       9183,9     1856,0     1662,6     192,0     127,1     19     0,130     5     0,222     6     0,016     0,367
        0,0      1024,0         0,0       807,0       2048,0          0,0      13312,0       9183,9     1856,0     1662,6     192,0     127,1     19     0,130     5     0,222     6     0,016     0,367
        0,0      1024,0         0,0       807,0       2048,0          0,0      13312,0       9183,9     1856,0     1662,6     192,0     127,1     19     0,130     5     0,222     6     0,016     0,367
        0,0      1024,0         0,0       807,0       2048,0          0,0      13312,0       9183,9     1856,0     1662,6     192,0     127,1     19     0,130     5     0,222     6     0,016     0,367
        0,0      1024,0         0,0       807,0       2048,0          0,0      13312,0       9183,9     1856,0     1662,6     192,0     127,1     19     0,130     5     0,222     6     0,016     0,367
        0,0      1024,0         0,0       807,0       2048,0          0,0      13312,0       9183,9     1856,0     1662,6     192,0     127,1     19     0,130     5     0,222     6     0,016     0,367
        0,0      1024,0         0,0       807,0       2048,0          0,0      13312,0       9183,9     1856,0     1662,6     192,0     127,1     19     0,130     5     0,222     6     0,016     0,367
        0,0      1024,0         0,0       807,0       2048,0          0,0      13312,0       9183,9     1856,0     1662,6     192,0     127,1     19     0,130     5     0,222     6     0,016     0,367
        0,0      1024,0         0,0       807,0       2048,0          0,0      13312,0       9183,9     1856,0     1662,6     192,0     127,1     19     0,130     5     0,222     6     0,016     0,367
        0,0      1024,0         0,0       807,0       2048,0          0,0      13312,0       9183,9     1856,0     1662,6     192,0     127,1     19     0,130     5     0,222     6     0,016     0,367
        0,0      1024,0         0,0       807,0       2048,0          0,0      13312,0       9183,9     1856,0     1662,6     192,0     127,1     19     0,130     5     0,222     6     0,016     0,367
        0,0      1024,0         0,0       807,0       2048,0          0,0      13312,0       9183,9     1856,0     1662,6     192,0     127,1     19     0,130     5     0,222     6     0,016     0,367
        0,0      1024,0         0,0       807,0       2048,0          0,0      13312,0       9183,9     1856,0     1662,6     192,0     127,1     19     0,130     5     0,222     6     0,016     0,367
        0,0      1024,0         0,0       807,0       2048,0          0,0      13312,0       9183,9     1856,0     1662,6     192,0     127,1     19     0,130     5     0,222     6     0,016     0,367
        0,0      1024,0         0,0       807,0       2048,0          0,0      13312,0       9183,9     1856,0     1662,6     192,0     127,1     19     0,130     5     0,222     6     0,016     0,367
        0,0      1024,0         0,0       807,0       2048,0          0,0      13312,0       9183,9     1856,0     1662,6     192,0     127,1     19     0,130     5     0,222     6     0,016     0,367
        0,0      1024,0         0,0       807,0       2048,0          0,0      13312,0       9183,9     1856,0     1662,6     192,0     127,1     19     0,130     5     0,222     6     0,016     0,367
        0,0      1024,0         0,0       807,0       2048,0          0,0      13312,0       9183,9     1856,0     1662,6     192,0     127,1     19     0,130     5     0,222     6     0,016     0,367
        0,0      1024,0         0,0       807,0       2048,0          0,0      13312,0       9183,9     1856,0     1662,6     192,0     127,1     19     0,130     5     0,222     6     0,016     0,367
        0,0      1024,0         0,0       807,0       2048,0          0,0      13312,0       9183,9     1856,0     1662,6     192,0     127,1     19     0,130     5     0,222     6     0,016     0,367
        0,0      1024,0         0,0       807,0       2048,0          0,0      13312,0       9183,9     1856,0     1662,6     192,0     127,1     19     0,130     5     0,222     6     0,016     0,367
        0,0      1024,0         0,0       772,7       2048,0          0,0      13312,0       9983,6     1856,0     1664,6     192,0     127,1     20     0,136     5     0,222     6     0,016     0,374
        0,0      1024,0         0,0       772,7       2048,0          0,0      13312,0       9983,6     1856,0     1664,6     192,0     127,1     20     0,136     5     0,222     6     0,016     0,374
        0,0      1024,0         0,0       772,7       2048,0          0,0      13312,0       9983,6     1856,0     1664,6     192,0     127,1     20     0,136     5     0,222     6     0,016     0,374
        0,0      1024,0         0,0       772,7       2048,0          0,0      13312,0       9983,6     1856,0     1664,6     192,0     127,1     20     0,136     5     0,222     6     0,016     0,374
        0,0      1024,0         0,0       772,7       2048,0          0,0      13312,0       9983,6     1856,0     1664,6     192,0     127,1     20     0,136     5     0,222     6     0,016     0,374
        0,0      1024,0         0,0       772,7       2048,0          0,0      13312,0       9983,6     1856,0     1664,6     192,0     127,1     20     0,136     5     0,222     6     0,016     0,374
        0,0      1024,0         0,0       772,7       2048,0          0,0      13312,0       9983,6     1856,0     1664,6     192,0     127,1     20     0,136     5     0,222     6     0,016     0,374
        0,0      1024,0         0,0       772,7       2048,0          0,0      13312,0       9983,6     1856,0     1664,6     192,0     127,1     20     0,136     5     0,222     6     0,016     0,374
        0,0      1024,0         0,0       772,7       2048,0          0,0      13312,0       9983,6     1856,0     1664,6     192,0     127,1     20     0,136     5     0,222     6     0,016     0,374
        0,0      1024,0         0,0       772,7       2048,0          0,0      13312,0       9983,6     1856,0     1664,6     192,0     127,1     20     0,136     5     0,222     6     0,016     0,374
        0,0      1024,0         0,0       772,7       2048,0          0,0      13312,0       9983,6     1856,0     1664,6     192,0     127,1     20     0,136     5     0,222     6     0,016     0,374
        0,0      1024,0         0,0       772,7       2048,0          0,0      13312,0       9983,6     1856,0     1664,6     192,0     127,1     20     0,136     5     0,222     6     0,016     0,374
        0,0      1024,0         0,0       772,7       2048,0          0,0      13312,0       9983,6     1856,0     1664,6     192,0     127,1     20     0,136     5     0,222     6     0,016     0,374
        0,0      1024,0         0,0       772,7       2048,0          0,0      13312,0       9983,6     1856,0     1664,6     192,0     127,1     20     0,136     5     0,222     6     0,016     0,374
        0,0      1024,0         0,0       772,7       2048,0          0,0      13312,0       9983,6     1856,0     1664,6     192,0     127,1     20     0,136     5     0,222     6     0,016     0,374
        0,0      1024,0         0,0       772,7       2048,0          0,0      13312,0       9983,6     1856,0     1664,6     192,0     127,1     20     0,136     5     0,222     6     0,016     0,374
        0,0      1024,0         0,0       772,7       2048,0          0,0      13312,0       9983,6     1856,0     1664,6     192,0     127,1     20     0,136     5     0,222     6     0,016     0,374
        0,0      1024,0         0,0       873,9       2048,0          0,0      13312,0      10839,2     1856,0     1665,0     192,0     127,1     21     0,142     5     0,222     8     0,017     0,381
        0,0      1024,0         0,0       873,9       2048,0          0,0      13312,0      10839,2     1856,0     1665,0     192,0     127,1     21     0,142     5     0,222     8     0,017     0,381
        0,0      1024,0         0,0       873,9       2048,0          0,0      13312,0      10839,2     1856,0     1665,0     192,0     127,1     21     0,142     5     0,222     8     0,017     0,381
        0,0      1024,0         0,0       873,9       2048,0          0,0      13312,0      10839,2     1856,0     1665,0     192,0     127,1     21     0,142     5     0,222     8     0,017     0,381
        0,0      1024,0         0,0       873,9       2048,0          0,0      13312,0      10839,2     1856,0     1665,0     192,0     127,1     21     0,142     5     0,222     8     0,017     0,381
        0,0      1024,0         0,0       873,9       2048,0          0,0      13312,0      10839,2     1856,0     1665,0     192,0     127,1     21     0,142     5     0,222     8     0,017     0,381
        0,0      1024,0         0,0       873,9       2048,0          0,0      13312,0      10839,2     1856,0     1665,0     192,0     127,1     21     0,142     5     0,222     8     0,017     0,381
        0,0      1024,0         0,0       873,9       2048,0          0,0      13312,0      10839,2     1856,0     1665,0     192,0     127,1     21     0,142     5     0,222     8     0,017     0,381
        0,0      1024,0         0,0       873,9       2048,0          0,0      13312,0      10839,2     1856,0     1665,0     192,0     127,1     21     0,142     5     0,222     8     0,017     0,381
        0,0      1024,0         0,0       873,9       2048,0          0,0      13312,0      10839,2     1856,0     1665,0     192,0     127,1     21     0,142     5     0,222     8     0,017     0,381
        0,0      1024,0         0,0       873,9       2048,0          0,0      13312,0      10839,2     1856,0     1665,0     192,0     127,1     21     0,142     5     0,222     8     0,017     0,381
        0,0      1024,0         0,0       880,9       2048,0          0,0      13312,0      11703,0     1856,0     1665,0     192,0     127,1     22     0,148     5     0,222     8     0,017     0,387
        0,0      1024,0         0,0       880,9       2048,0          0,0      13312,0      11703,0     1856,0     1665,0     192,0     127,1     22     0,148     5     0,222     8     0,017     0,387
        0,0      1024,0         0,0       880,9       2048,0          0,0      13312,0      11703,0     1856,0     1665,0     192,0     127,1     22     0,148     5     0,222     8     0,017     0,387
        0,0      1024,0         0,0       880,9       2048,0          0,0      13312,0      11703,0     1856,0     1665,0     192,0     127,1     22     0,148     5     0,222     8     0,017     0,387
        0,0      1024,0         0,0       880,9       2048,0          0,0      13312,0      11703,0     1856,0     1665,0     192,0     127,1     22     0,148     5     0,222     8     0,017     0,387
        0,0      1024,0         0,0       880,9       2048,0          0,0      13312,0      11703,0     1856,0     1665,0     192,0     127,1     22     0,148     5     0,222     8     0,017     0,387
        0,0      1024,0         0,0       880,9       2048,0          0,0      13312,0      11703,0     1856,0     1665,0     192,0     127,1     22     0,148     5     0,222     8     0,017     0,387
        0,0      1024,0         0,0       880,9       2048,0          0,0      13312,0      11703,0     1856,0     1665,0     192,0     127,1     22     0,148     5     0,222     8     0,017     0,387
        0,0      1024,0         0,0       880,9       2048,0          0,0      13312,0      11703,0     1856,0     1665,0     192,0     127,1     22     0,148     5     0,222     8     0,017     0,387
        0,0      1024,0         0,0       880,9       2048,0          0,0      13312,0      11703,0     1856,0     1665,0     192,0     127,1     22     0,148     5     0,222     8     0,017     0,387
        0,0      1024,0         0,0       880,9       2048,0          0,0      13312,0      11703,0     1856,0     1665,0     192,0     127,1     22     0,148     5     0,222     8     0,017     0,387
        0,0      1024,0         0,0       880,9       2048,0          0,0      13312,0      11703,0     1856,0     1665,0     192,0     127,1     22     0,148     5     0,222     8     0,017     0,387
        0,0      1024,0         0,0       880,9       2048,0          0,0      13312,0      11703,0     1856,0     1665,0     192,0     127,1     22     0,148     5     0,222     8     0,017     0,387
        0,0      1024,0         0,0       880,9       2048,0          0,0      13312,0      11703,0     1856,0     1665,0     192,0     127,1     22     0,148     5     0,222     8     0,017     0,387
        0,0      1024,0         0,0       880,9       2048,0          0,0      13312,0      11703,0     1856,0     1665,0     192,0     127,1     22     0,148     5     0,222     8     0,017     0,387
        0,0      1024,0         0,0       880,9       2048,0          0,0      13312,0      11703,0     1856,0     1665,0     192,0     127,1     22     0,148     5     0,222     8     0,017     0,387
        0,0      1024,0         0,0       880,9       2048,0          0,0      13312,0      11703,0     1856,0     1665,0     192,0     127,1     22     0,148     5     0,222     8     0,017     0,387
        0,0         0,0         0,0         0,0       2048,0          0,0      14336,0      12360,3     1856,0     1667,1     192,0     127,1     23     0,157     6     0,278     8     0,017     0,452
        0,0         0,0         0,0         0,0       2048,0          0,0      14336,0      12360,3     1856,0     1667,1     192,0     127,1     23     0,157     6     0,278     8     0,017     0,452
        0,0         0,0         0,0         0,0       2048,0          0,0      14336,0      12360,3     1856,0     1667,1     192,0     127,1     23     0,157     6     0,278     8     0,017     0,452
        0,0         0,0         0,0         0,0       2048,0          0,0      14336,0      12360,3     1856,0     1667,1     192,0     127,1     23     0,157     6     0,278     8     0,017     0,452
        0,0         0,0         0,0         0,0       2048,0          0,0      14336,0      12360,3     1856,0     1667,1     192,0     127,1     23     0,157     6     0,278     8     0,017     0,452
        0,0         0,0         0,0         0,0       2048,0          0,0      14336,0      12360,3     1856,0     1667,1     192,0     127,1     23     0,157     6     0,278     8     0,017     0,452
        0,0         0,0         0,0         0,0       2048,0          0,0      14336,0      12360,3     1856,0     1667,1     192,0     127,1     23     0,157     6     0,278     8     0,017     0,452
        0,0         0,0         0,0         0,0       2048,0          0,0      14336,0      12360,3     1856,0     1667,1     192,0     127,1     23     0,157     6     0,278     8     0,017     0,452
        0,0         0,0         0,0         0,0       2048,0          0,0      14336,0      12360,3     1856,0     1667,1     192,0     127,1     23     0,157     6     0,278     8     0,017     0,452
        0,0         0,0         0,0         0,0       2048,0          0,0      14336,0      12360,3     1856,0     1667,1     192,0     127,1     23     0,157     6     0,278     8     0,017     0,452
        0,0         0,0         0,0         0,0       2048,0          0,0      14336,0      12360,3     1856,0     1667,1     192,0     127,1     23     0,157     6     0,278     8     0,017     0,452
        0,0         0,0         0,0         0,0       2048,0          0,0      14336,0      12360,3     1856,0     1667,1     192,0     127,1     23     0,157     6     0,278     8     0,017     0,452
        0,0         0,0         0,0         0,0       2048,0          0,0      14336,0      12360,3     1856,0     1667,1     192,0     127,1     23     0,157     6     0,278     8     0,017     0,452
        0,0         0,0         0,0         0,0       2048,0          0,0      14336,0      12360,3     1856,0     1667,1     192,0     127,1     23     0,157     6     0,278     8     0,017     0,452
        0,0         0,0         0,0         0,0       2048,0          0,0      14336,0      12360,3     1856,0     1667,1     192,0     127,1     23     0,157     6     0,278     8     0,017     0,452
        0,0         0,0         0,0         0,0       2048,0          0,0      14336,0      12360,3     1856,0     1667,1     192,0     127,1     23     0,157     6     0,278     8     0,017     0,452
        0,0         0,0         0,0         0,0       2048,0          0,0      14336,0      12360,3     1856,0     1667,1     192,0     127,1     23     0,157     6     0,278     8     0,017     0,452
        0,0         0,0         0,0         0,0       2048,0          0,0      14336,0      12360,3     1856,0     1667,1     192,0     127,1     23     0,157     6     0,278     8     0,017     0,452
        0,0         0,0         0,0         0,0       2048,0          0,0      14336,0      12360,3     1856,0     1667,1     192,0     127,1     23     0,157     6     0,278     8     0,017     0,452
        0,0         0,0         0,0         0,0       2048,0          0,0      14336,0      12360,3     1856,0     1667,1     192,0     127,1     23     0,157     6     0,278     8     0,017     0,452
        0,0         0,0         0,0         0,0       2048,0          0,0      14336,0      12360,3     1856,0     1667,1     192,0     127,1     23     0,157     6     0,278     8     0,017     0,452
        0,0         0,0         0,0         0,0       2048,0          0,0      14336,0      12360,3     1856,0     1667,1     192,0     127,1     23     0,157     6     0,278     8     0,017     0,452
        0,0         0,0         0,0         0,0       2048,0          0,0      14336,0      13693,1     1856,0     1667,6     192,0     127,1     25     0,161     8     0,353     8     0,017     0,532
        0,0         0,0         0,0         0,0       2048,0          0,0      14336,0      13693,1     1856,0     1667,6     192,0     127,1     25     0,161     8     0,353     8     0,017     0,532
        0,0         0,0         0,0         0,0       2048,0          0,0      14336,0      13693,1     1856,0     1667,6     192,0     127,1     25     0,161     8     0,353     8     0,017     0,532
        0,0         0,0         0,0         0,0       2048,0          0,0      14336,0      13693,1     1856,0     1667,6     192,0     127,1     25     0,161     8     0,353     8     0,017     0,532
        0,0         0,0         0,0         0,0       2048,0          0,0      14336,0      13693,1     1856,0     1667,6     192,0     127,1     25     0,161     8     0,353     8     0,017     0,532
        0,0         0,0         0,0         0,0       2048,0          0,0      14336,0      13693,1     1856,0     1667,6     192,0     127,1     25     0,161     8     0,353     8     0,017     0,532
        0,0         0,0         0,0         0,0       2048,0          0,0      14336,0      13693,1     1856,0     1667,6     192,0     127,1     25     0,161     8     0,353     8     0,017     0,532
        0,0         0,0         0,0         0,0       2048,0          0,0      14336,0      13693,1     1856,0     1667,6     192,0     127,1     25     0,161     8     0,353     8     0,017     0,532
        0,0         0,0         0,0         0,0       2048,0          0,0      14336,0      13693,1     1856,0     1667,6     192,0     127,1     25     0,161     8     0,353     8     0,017     0,532
        0,0         0,0         0,0         0,0       2048,0          0,0      14336,0      13693,1     1856,0     1667,6     192,0     127,1     25     0,161     8     0,353     8     0,017     0,532
        0,0         0,0         0,0         0,0       4096,0          0,0      12288,0       3213,7     1856,0     1668,0     192,0     127,1     26     0,164     9     0,363     8     0,017     0,544
        0,0         0,0         0,0         0,0       4096,0          0,0      12288,0       3213,7     1856,0     1668,0     192,0     127,1     26     0,164     9     0,363     8     0,017     0,544
        0,0         0,0         0,0         0,0       4096,0          0,0      12288,0       3213,7     1856,0     1668,0     192,0     127,1     26     0,164     9     0,363     8     0,017     0,544
        0,0         0,0         0,0         0,0       4096,0          0,0      12288,0       3213,7     1856,0     1668,0     192,0     127,1     26     0,164     9     0,363     8     0,017     0,544
        0,0         0,0         0,0         0,0       4096,0          0,0      12288,0       3213,7     1856,0     1668,0     192,0     127,1     26     0,164     9     0,363     8     0,017     0,544
        0,0         0,0         0,0         0,0       4096,0          0,0      12288,0       3213,7     1856,0     1668,0     192,0     127,1     26     0,164     9     0,363     8     0,017     0,544
        0,0         0,0         0,0         0,0       4096,0          0,0      12288,0       3213,7     1856,0     1668,0     192,0     127,1     26     0,164     9     0,363     8     0,017     0,544
        0,0         0,0         0,0         0,0       4096,0          0,0      12288,0       3213,7     1856,0     1668,0     192,0     127,1     26     0,164     9     0,363     8     0,017     0,544
        0,0         0,0         0,0         0,0       4096,0          0,0      12288,0       3213,7     1856,0     1668,0     192,0     127,1     26     0,164     9     0,363     8     0,017     0,544
        0,0         0,0         0,0         0,0       4096,0          0,0      12288,0       3213,7     1856,0     1668,0     192,0     127,1     26     0,164     9     0,363     8     0,017     0,544
        0,0         0,0         0,0         0,0       4096,0          0,0      12288,0       3213,7     1856,0     1668,0     192,0     127,1     26     0,164     9     0,363     8     0,017     0,544
        0,0         0,0         0,0         0,0       4096,0       1024,0      12288,0       3213,7     1856,0     1668,0     192,0     127,1     26     0,164     9     0,363     8     0,017     0,544
        0,0         0,0         0,0         0,0       4096,0       1024,0      12288,0       3213,7     1856,0     1668,0     192,0     127,1     26     0,164     9     0,363     8     0,017     0,544
        0,0         0,0         0,0         0,0       4096,0       1024,0      12288,0       3213,7     1856,0     1668,0     192,0     127,1     26     0,164     9     0,363     8     0,017     0,544
        0,0         0,0         0,0         0,0       4096,0       1024,0      12288,0       3213,7     1856,0     1668,0     192,0     127,1     26     0,164     9     0,363     8     0,017     0,544
        0,0         0,0         0,0         0,0       4096,0       1024,0      12288,0       3213,7     1856,0     1668,0     192,0     127,1     26     0,164     9     0,363     8     0,017     0,544
        0,0         0,0         0,0         0,0       4096,0       1024,0      12288,0       3213,7     1856,0     1668,0     192,0     127,1     26     0,164     9     0,363     8     0,017     0,544
        0,0         0,0         0,0         0,0       4096,0       1024,0      12288,0       3213,7     1856,0     1668,0     192,0     127,1     26     0,164     9     0,363     8     0,017     0,544
        0,0         0,0         0,0         0,0       4096,0       1024,0      12288,0       3213,7     1856,0     1668,0     192,0     127,1     26     0,164     9     0,363     8     0,017     0,544
        0,0         0,0         0,0         0,0       4096,0       1024,0      12288,0       3213,7     1856,0     1668,0     192,0     127,1     26     0,164     9     0,363     8     0,017     0,544
        0,0         0,0         0,0         0,0       4096,0       1024,0      12288,0       3213,7     1856,0     1668,0     192,0     127,1     26     0,164     9     0,363     8     0,017     0,544
        0,0         0,0         0,0         0,0       4096,0       1024,0      12288,0       3213,7     1856,0     1668,0     192,0     127,1     26     0,164     9     0,363     8     0,017     0,544
        0,0         0,0         0,0         0,0       4096,0       2048,0      12288,0       3213,7     1856,0     1668,0     192,0     127,1     26     0,164     9     0,363     8     0,017     0,544
        0,0         0,0         0,0         0,0       4096,0       2048,0      12288,0       3213,7     1856,0     1668,0     192,0     127,1     26     0,164     9     0,363     8     0,017     0,544
        0,0         0,0         0,0         0,0       4096,0       2048,0      12288,0       3213,7     1856,0     1668,0     192,0     127,1     26     0,164     9     0,363     8     0,017     0,544
        0,0         0,0         0,0         0,0       4096,0       2048,0      12288,0       3213,7     1856,0     1668,0     192,0     127,1     26     0,164     9     0,363     8     0,017     0,544
        0,0         0,0         0,0         0,0       4096,0       2048,0      12288,0       3213,7     1856,0     1668,0     192,0     127,1     26     0,164     9     0,363     8     0,017     0,544
        0,0         0,0         0,0         0,0       4096,0       2048,0      12288,0       3213,7     1856,0     1668,0     192,0     127,1     26     0,164     9     0,363     8     0,017     0,544
        0,0         0,0         0,0         0,0       4096,0       2048,0      12288,0       3213,7     1856,0     1668,0     192,0     127,1     26     0,164     9     0,363     8     0,017     0,544
        0,0         0,0         0,0         0,0       4096,0       2048,0      12288,0       3213,7     1856,0     1668,0     192,0     127,1     26     0,164     9     0,363     8     0,017     0,544
        0,0         0,0         0,0         0,0       4096,0       2048,0      12288,0       3213,7     1856,0     1668,0     192,0     127,1     26     0,164     9     0,363     8     0,017     0,544
        0,0         0,0         0,0         0,0       4096,0       2048,0      12288,0       3213,7     1856,0     1668,0     192,0     127,1     26     0,164     9     0,363     8     0,017     0,544
        0,0         0,0         0,0         0,0       4096,0       2048,0      12288,0       3213,7     1856,0     1668,0     192,0     127,1     26     0,164     9     0,363     8     0,017     0,544
        0,0         0,0         0,0         0,0       4096,0       2048,0      12288,0       3213,7     1856,0     1668,0     192,0     127,1     26     0,164     9     0,363     8     0,017     0,544
        0,0         0,0         0,0         0,0       4096,0       2048,0      12288,0       3213,7     1856,0     1668,0     192,0     127,1     26     0,164     9     0,363     8     0,017     0,544
        0,0      1024,0         0,0      1024,0       3072,0          0,0      12288,0       4495,7     1856,0     1681,0     192,0     127,1     27     0,172     9     0,363     8     0,017     0,553
        0,0      1024,0         0,0      1024,0       3072,0          0,0      12288,0       4495,7     1856,0     1681,0     192,0     127,1     27     0,172     9     0,363     8     0,017     0,553
        0,0      1024,0         0,0      1024,0       3072,0          0,0      12288,0       4495,7     1856,0     1681,0     192,0     127,1     27     0,172     9     0,363     8     0,017     0,553
        0,0      1024,0         0,0      1024,0       3072,0          0,0      12288,0       4495,7     1856,0     1681,0     192,0     127,1     27     0,172     9     0,363     8     0,017     0,553
        0,0      1024,0         0,0      1024,0       3072,0          0,0      12288,0       4495,7     1856,0     1681,0     192,0     127,1     27     0,172     9     0,363     8     0,017     0,553
        0,0      1024,0         0,0      1024,0       3072,0          0,0      12288,0       4495,7     1856,0     1681,0     192,0     127,1     27     0,172     9     0,363     8     0,017     0,553
        0,0      1024,0         0,0      1024,0       3072,0          0,0      12288,0       4495,7     1856,0     1681,0     192,0     127,1     27     0,172     9     0,363     8     0,017     0,553
        0,0      1024,0         0,0      1024,0       3072,0          0,0      12288,0       4495,7     1856,0     1681,0     192,0     127,1     27     0,172     9     0,363     8     0,017     0,553
        0,0      1024,0         0,0      1024,0       3072,0          0,0      12288,0       4495,7     1856,0     1681,0     192,0     127,1     27     0,172     9     0,363     8     0,017     0,553
        0,0      1024,0         0,0      1024,0       3072,0          0,0      12288,0       4495,7     1856,0     1681,0     192,0     127,1     27     0,172     9     0,363     8     0,017     0,553
        0,0      1024,0         0,0      1024,0       3072,0          0,0      12288,0       4495,7     1856,0     1681,0     192,0     127,1     27     0,172     9     0,363     8     0,017     0,553
        0,0      1024,0         0,0      1024,0       3072,0       1024,0      12288,0       4495,7     1856,0     1681,0     192,0     127,1     27     0,172     9     0,363     8     0,017     0,553
        0,0      1024,0         0,0      1024,0       3072,0       1024,0      12288,0       4495,7     1856,0     1681,0     192,0     127,1     27     0,172     9     0,363     8     0,017     0,553
        0,0      1024,0         0,0      1024,0       3072,0       1024,0      12288,0       4495,7     1856,0     1681,0     192,0     127,1     27     0,172     9     0,363     8     0,017     0,553
        0,0      1024,0         0,0      1024,0       3072,0       1024,0      12288,0       4495,7     1856,0     1681,0     192,0     127,1     27     0,172     9     0,363     8     0,017     0,553
        0,0      1024,0         0,0      1024,0       3072,0       1024,0      12288,0       4495,7     1856,0     1681,0     192,0     127,1     27     0,172     9     0,363     8     0,017     0,553
        0,0      1024,0         0,0      1024,0       3072,0       1024,0      12288,0       4495,7     1856,0     1681,0     192,0     127,1     27     0,172     9     0,363     8     0,017     0,553
        0,0      1024,0         0,0      1024,0       3072,0       1024,0      12288,0       4495,7     1856,0     1681,0     192,0     127,1     27     0,172     9     0,363     8     0,017     0,553
        0,0      1024,0         0,0      1024,0       3072,0          0,0      12288,0       6241,0     1856,0     1681,5     192,0     127,1     28     0,180     9     0,363     8     0,017     0,561
        0,0      1024,0         0,0      1024,0       3072,0          0,0      12288,0       6241,0     1856,0     1681,5     192,0     127,1     28     0,180     9     0,363     8     0,017     0,561
        0,0      1024,0         0,0      1024,0       3072,0          0,0      12288,0       6241,0     1856,0     1681,5     192,0     127,1     28     0,180     9     0,363     8     0,017     0,561
        0,0      1024,0         0,0      1024,0       3072,0          0,0      12288,0       6241,0     1856,0     1681,5     192,0     127,1     28     0,180     9     0,363     8     0,017     0,561
        0,0      1024,0         0,0      1024,0       3072,0          0,0      12288,0       6241,0     1856,0     1681,5     192,0     127,1     28     0,180     9     0,363     8     0,017     0,561
        0,0      1024,0         0,0      1024,0       3072,0          0,0      12288,0       6241,0     1856,0     1681,5     192,0     127,1     28     0,180     9     0,363     8     0,017     0,561
        0,0      1024,0         0,0      1024,0       3072,0          0,0      12288,0       6241,0     1856,0     1681,5     192,0     127,1     28     0,180     9     0,363     8     0,017     0,561
        0,0      1024,0         0,0      1024,0       3072,0          0,0      12288,0       6241,0     1856,0     1681,5     192,0     127,1     28     0,180     9     0,363     8     0,017     0,561
        0,0      1024,0         0,0      1024,0       3072,0       1024,0      12288,0       6241,0     1856,0     1681,5     192,0     127,1     28     0,180     9     0,363     8     0,017     0,561
        0,0      1024,0         0,0      1024,0       3072,0       1024,0      12288,0       6241,0     1856,0     1681,5     192,0     127,1     28     0,180     9     0,363     8     0,017     0,561
        0,0      1024,0         0,0      1024,0       2048,0          0,0      13312,0       7848,0     1856,0     1681,5     192,0     127,1     29     0,189     9     0,363     8     0,017     0,569
        0,0      1024,0         0,0      1024,0       2048,0          0,0      13312,0       7848,0     1856,0     1681,5     192,0     127,1     29     0,189     9     0,363     8     0,017     0,569
        0,0      1024,0         0,0      1024,0       2048,0          0,0      13312,0       7848,0     1856,0     1681,5     192,0     127,1     29     0,189     9     0,363     8     0,017     0,569
        0,0      1024,0         0,0      1024,0       2048,0          0,0      13312,0       7848,0     1856,0     1681,5     192,0     127,1     29     0,189     9     0,363     8     0,017     0,569
        0,0      1024,0         0,0      1024,0       2048,0          0,0      13312,0       7848,0     1856,0     1681,5     192,0     127,1     29     0,189     9     0,363     8     0,017     0,569
        0,0      1024,0         0,0      1024,0       2048,0          0,0      13312,0       7848,0     1856,0     1681,5     192,0     127,1     29     0,189     9     0,363     8     0,017     0,569
        0,0      1024,0         0,0      1024,0       2048,0          0,0      13312,0       7848,0     1856,0     1681,5     192,0     127,1     29     0,189     9     0,363     8     0,017     0,569
        0,0      1024,0         0,0      1024,0       2048,0          0,0      13312,0       7848,0     1856,0     1681,5     192,0     127,1     29     0,189     9     0,363     8     0,017     0,569
        0,0      1024,0         0,0      1024,0       2048,0          0,0      13312,0       7848,0     1856,0     1681,5     192,0     127,1     29     0,189     9     0,363     8     0,017     0,569
        0,0      1024,0         0,0      1024,0       2048,0          0,0      13312,0       7848,0     1856,0     1681,5     192,0     127,1     29     0,189     9     0,363     8     0,017     0,569
        0,0      1024,0         0,0      1024,0       2048,0          0,0      13312,0       7848,0     1856,0     1681,5     192,0     127,1     29     0,189     9     0,363     8     0,017     0,569
        0,0      1024,0         0,0       815,8       2048,0          0,0      13312,0       9064,5     1856,0     1681,5     192,0     127,1     30     0,196     9     0,363    10     0,019     0,577
        0,0      1024,0         0,0       815,8       2048,0          0,0      13312,0       9064,5     1856,0     1681,5     192,0     127,1     30     0,196     9     0,363    10     0,019     0,577
        0,0      1024,0         0,0       815,8       2048,0          0,0      13312,0       9064,5     1856,0     1681,5     192,0     127,1     30     0,196     9     0,363    10     0,019     0,577
        0,0      1024,0         0,0       815,8       2048,0          0,0      13312,0       9064,5     1856,0     1681,5     192,0     127,1     30     0,196     9     0,363    10     0,019     0,577
        0,0      1024,0         0,0       815,8       2048,0          0,0      13312,0       9064,5     1856,0     1681,5     192,0     127,1     30     0,196     9     0,363    10     0,019     0,577
        0,0      1024,0         0,0       815,8       2048,0          0,0      13312,0       9064,5     1856,0     1681,5     192,0     127,1     30     0,196     9     0,363    10     0,019     0,577
        0,0      1024,0         0,0       815,8       2048,0          0,0      13312,0       9064,5     1856,0     1681,5     192,0     127,1     30     0,196     9     0,363    10     0,019     0,577
        0,0      1024,0         0,0       815,8       2048,0          0,0      13312,0       9064,5     1856,0     1681,5     192,0     127,1     30     0,196     9     0,363    10     0,019     0,577
        0,0      1024,0         0,0       815,8       2048,0          0,0      13312,0       9064,5     1856,0     1681,5     192,0     127,1     30     0,196     9     0,363    10     0,019     0,577
        0,0      1024,0         0,0       815,8       2048,0          0,0      13312,0       9064,5     1856,0     1681,5     192,0     127,1     30     0,196     9     0,363    10     0,019     0,577
        0,0      1024,0         0,0       803,8       2048,0          0,0      13312,0      10656,1     1856,0     1701,1     192,0     129,1     32     0,209     9     0,363    10     0,019     0,591
        0,0      1024,0         0,0       803,8       2048,0          0,0      13312,0      10656,1     1856,0     1701,1     192,0     129,1     32     0,209     9     0,363    10     0,019     0,591
        0,0      1024,0         0,0       803,8       2048,0          0,0      13312,0      10656,1     1856,0     1701,1     192,0     129,1     32     0,209     9     0,363    10     0,019     0,591
        0,0      1024,0         0,0       814,5       2048,0          0,0      13312,0      12281,4     1856,0     1695,8     192,0     127,6     34     0,216     9     0,363    12     0,020     0,599
        0,0      1024,0         0,0       814,5       2048,0          0,0      13312,0      12281,4     1856,0     1695,8     192,0     127,6     34     0,216     9     0,363    12     0,020     0,599
        0,0      1024,0         0,0       814,5       2048,0          0,0      13312,0      12281,4     1856,0     1695,8     192,0     127,6     34     0,216     9     0,363    12     0,020     0,599
        0,0      1024,0         0,0       814,5       2048,0          0,0      13312,0      12281,4     1856,0     1695,8     192,0     127,6     34     0,216     9     0,363    12     0,020     0,599
        0,0         0,0         0,0         0,0       2048,0          0,0      14336,0      14323,8     1856,0     1695,8     192,0     127,6     37     0,224    12     0,465    12     0,020     0,709
        0,0         0,0         0,0         0,0       2048,0          0,0      14336,0      14323,8     1856,0     1695,8     192,0     127,6     37     0,224    12     0,465    12     0,020     0,709
        0,0         0,0         0,0         0,0       2048,0          0,0      14336,0      14323,8     1856,0     1695,8     192,0     127,6     37     0,224    12     0,465    12     0,020     0,709
        0,0         0,0         0,0         0,0       4096,0          0,0      12288,0       2710,7     1856,0     1696,0     192,0     127,6     43     0,230    22     0,740    12     0,020     0,990

     jstat
        Eden           Survivors,   Old
   Survivors     Old
     Old

   ,    -            Old   OutOfMemory